{"schemaVersion":2,"mediaType":"application/vnd.oci.image.manifest.v1+json","config":{"mediaType":"application/vnd.oci.empty.v1+json","size":2,"digest":"sha256:44136fa355b3678a1146ad16f7e8649e94fb4fc21fe77e8310c060f61caaff8a"},"layers":[{"mediaType":"application/vnd.oci.image.layer.v1.tar+gzip","size":118,"digest":"sha256:8519aae926249001411c6ed55b789090fb0011642cbacdd2ef09393473c763e4"}]}